test_md5
MD5 test suite:
MD5 ("") = 000000000000000000000000ecf8427e
MD5 ("a") = 00000000000000000000000069772661
MD5 ("abc") = 00000000000000000000000028e17f72
MD5 ("message digest") = 000000000000000000000000aaf161d0
MD5 ("abcdefghijklmnopqrstuvwxyz") = 000000000000000000000000ca67e13b
MD5 ("ABCDEFGHIJKLMNOPQRSTUVWXYZabcdefghijklmnopqrstuvwxyz0123456789") = 0000000000000000000000009f419d9f
MD5 ("12345678901234567890123456789012345678901234567890123456789012345678901234567890") = 0000000000000000000000002107b67a
