test_types
6. Built-in types
6.1 Truth value testing
6.2 Boolean operations
6.3 Comparisons
6.3.1 Conversion errors
6.3.2 Division errors
6.4 Numeric types (mostly conversions)
6.4.1 32-bit integers
6.4.2 Long integers
6.4.3 Floating point numbers
6.5 Sequence types
6.5.1 Strings
6.5.2 Tuples
6.5.3 Lists
6.5.3a Additional list operations
6.6 Mappings == Dictionaries
6.6.1 dict methods
6.6.2 user-dict methods
6.6.3 dict.fromkeys
6.6.4 dict copy, get, setdefault
6.6.5 dict popitem
6.6.6 dict pop
6.7 type
6.99999999...   All tests ran to completion
