test_coercion
2 + 2 = 4
2 += 2 => 4
2 - 2 = 0
2 -= 2 => 0
2 * 2 = 4
2 *= 2 => 4
2 / 2 = 1
2 /= 2 => 1
2 ** 2 = 4
2 **= 2 => 4
2 % 2 = 0
2 %= 2 => 0
2 + 4.0 = 6.0
2 += 4.0 => 6.0
2 - 4.0 = -2.0
2 -= 4.0 => -2.0
2 * 4.0 = 8.0
2 *= 4.0 => 8.0
2 / 4.0 = 0.5
2 /= 4.0 => 0.5
2 ** 4.0 = 16.0
2 **= 4.0 => 16.0
2 % 4.0 = 2.0
2 %= 4.0 => 2.0
2 + 2 = 4
2 += 2 => 4
2 - 2 = 0
2 -= 2 => 0
2 * 2 = 4
2 *= 2 => 4
2 / 2 = 1
2 /= 2 => 1
2 ** 2 = 4
2 **= 2 => 4
2 % 2 = 0
2 %= 2 => 0
2 + (2+0j) = (4+0j)
2 += (2+0j) => (4+0j)
2 - (2+0j) = 0j
2 -= (2+0j) => 0j
2 * (2+0j) = (4+0j)
2 *= (2+0j) => (4+0j)
2 / (2+0j) = (1+0j)
2 /= (2+0j) => (1+0j)
2 ** (2+0j) = (4+0j)
2 **= (2+0j) => (4+0j)
2 % (2+0j) = 0j
2 %= (2+0j) => 0j
2 + [1] ... <pypy type 'TypeError'>
2 += [1] ... <pypy type 'TypeError'>
2 - [1] ... <pypy type 'TypeError'>
2 -= [1] ... <pypy type 'TypeError'>
2 * [1] = [1, 1]
2 *= [1] => [1, 1]
2 / [1] ... <pypy type 'TypeError'>
2 /= [1] ... <pypy type 'TypeError'>
2 ** [1] ... <pypy type 'TypeError'>
2 **= [1] ... <pypy type 'TypeError'>
2 % [1] ... <pypy type 'TypeError'>
2 %= [1] ... <pypy type 'TypeError'>
2 + (2,) ... <pypy type 'TypeError'>
2 += (2,) ... <pypy type 'TypeError'>
2 - (2,) ... <pypy type 'TypeError'>
2 -= (2,) ... <pypy type 'TypeError'>
2 * (2,) = (2, 2)
2 *= (2,) => (2, 2)
2 / (2,) ... <pypy type 'TypeError'>
2 /= (2,) ... <pypy type 'TypeError'>
2 ** (2,) ... <pypy type 'TypeError'>
2 **= (2,) ... <pypy type 'TypeError'>
2 % (2,) ... <pypy type 'TypeError'>
2 %= (2,) ... <pypy type 'TypeError'>
2 + None ... <pypy type 'TypeError'>
2 += None ... <pypy type 'TypeError'>
2 - None ... <pypy type 'TypeError'>
2 -= None ... <pypy type 'TypeError'>
2 * None ... <pypy type 'TypeError'>
2 *= None ... <pypy type 'TypeError'>
2 / None ... <pypy type 'TypeError'>
2 /= None ... <pypy type 'TypeError'>
2 ** None ... <pypy type 'TypeError'>
2 **= None ... <pypy type 'TypeError'>
2 % None ... <pypy type 'TypeError'>
2 %= None ... <pypy type 'TypeError'>
2 + <MethodNumber 1> = 3
2 += <MethodNumber 1> => 3
2 - <MethodNumber 1> = 1
2 -= <MethodNumber 1> => 1
2 * <MethodNumber 1> = 2
2 *= <MethodNumber 1> => 2
2 / <MethodNumber 1> = 2
2 /= <MethodNumber 1> => 2
2 ** <MethodNumber 1> = 2
2 **= <MethodNumber 1> => 2
2 % <MethodNumber 1> = 0
2 %= <MethodNumber 1> => 0
2 + <CoerceNumber 2> = 4
2 += <CoerceNumber 2> => 4
2 - <CoerceNumber 2> = 0
2 -= <CoerceNumber 2> => 0
2 * <CoerceNumber 2> = 4
2 *= <CoerceNumber 2> => 4
2 / <CoerceNumber 2> = 1
2 /= <CoerceNumber 2> => 1
2 ** <CoerceNumber 2> = 4
2 **= <CoerceNumber 2> => 4
2 % <CoerceNumber 2> = 0
2 %= <CoerceNumber 2> => 0
4.0 + 2 = 6.0
4.0 += 2 => 6.0
4.0 - 2 = 2.0
4.0 -= 2 => 2.0
4.0 * 2 = 8.0
4.0 *= 2 => 8.0
4.0 / 2 = 2.0
4.0 /= 2 => 2.0
4.0 ** 2 = 16.0
4.0 **= 2 => 16.0
4.0 % 2 = 0.0
4.0 %= 2 => 0.0
4.0 + 4.0 = 8.0
4.0 += 4.0 => 8.0
4.0 - 4.0 = 0.0
4.0 -= 4.0 => 0.0
4.0 * 4.0 = 16.0
4.0 *= 4.0 => 16.0
4.0 / 4.0 = 1.0
4.0 /= 4.0 => 1.0
4.0 ** 4.0 = 256.0
4.0 **= 4.0 => 256.0
4.0 % 4.0 = 0.0
4.0 %= 4.0 => 0.0
4.0 + 2 = 6.0
4.0 += 2 => 6.0
4.0 - 2 = 2.0
4.0 -= 2 => 2.0
4.0 * 2 = 8.0
4.0 *= 2 => 8.0
4.0 / 2 = 2.0
4.0 /= 2 => 2.0
4.0 ** 2 = 16.0
4.0 **= 2 => 16.0
4.0 % 2 = 0.0
4.0 %= 2 => 0.0
4.0 + (2+0j) = (6+0j)
4.0 += (2+0j) => (6+0j)
4.0 - (2+0j) = (2+0j)
4.0 -= (2+0j) => (2+0j)
4.0 * (2+0j) = (8+0j)
4.0 *= (2+0j) => (8+0j)
4.0 / (2+0j) = (2+0j)
4.0 /= (2+0j) => (2+0j)
4.0 ** (2+0j) = (16+0j)
4.0 **= (2+0j) => (16+0j)
4.0 % (2+0j) = 0j
4.0 %= (2+0j) => 0j
4.0 + [1] ... <pypy type 'TypeError'>
4.0 += [1] ... <pypy type 'TypeError'>
4.0 - [1] ... <pypy type 'TypeError'>
4.0 -= [1] ... <pypy type 'TypeError'>
4.0 * [1] ... <pypy type 'TypeError'>
4.0 *= [1] ... <pypy type 'TypeError'>
4.0 / [1] ... <pypy type 'TypeError'>
4.0 /= [1] ... <pypy type 'TypeError'>
4.0 ** [1] ... <pypy type 'TypeError'>
4.0 **= [1] ... <pypy type 'TypeError'>
4.0 % [1] ... <pypy type 'TypeError'>
4.0 %= [1] ... <pypy type 'TypeError'>
4.0 + (2,) ... <pypy type 'TypeError'>
4.0 += (2,) ... <pypy type 'TypeError'>
4.0 - (2,) ... <pypy type 'TypeError'>
4.0 -= (2,) ... <pypy type 'TypeError'>
4.0 * (2,) ... <pypy type 'TypeError'>
4.0 *= (2,) ... <pypy type 'TypeError'>
4.0 / (2,) ... <pypy type 'TypeError'>
4.0 /= (2,) ... <pypy type 'TypeError'>
4.0 ** (2,) ... <pypy type 'TypeError'>
4.0 **= (2,) ... <pypy type 'TypeError'>
4.0 % (2,) ... <pypy type 'TypeError'>
4.0 %= (2,) ... <pypy type 'TypeError'>
4.0 + None ... <pypy type 'TypeError'>
4.0 += None ... <pypy type 'TypeError'>
4.0 - None ... <pypy type 'TypeError'>
4.0 -= None ... <pypy type 'TypeError'>
4.0 * None ... <pypy type 'TypeError'>
4.0 *= None ... <pypy type 'TypeError'>
4.0 / None ... <pypy type 'TypeError'>
4.0 /= None ... <pypy type 'TypeError'>
4.0 ** None ... <pypy type 'TypeError'>
4.0 **= None ... <pypy type 'TypeError'>
4.0 % None ... <pypy type 'TypeError'>
4.0 %= None ... <pypy type 'TypeError'>
4.0 + <MethodNumber 1> = 5.0
4.0 += <MethodNumber 1> => 5.0
4.0 - <MethodNumber 1> = 3.0
4.0 -= <MethodNumber 1> => 3.0
4.0 * <MethodNumber 1> = 4.0
4.0 *= <MethodNumber 1> => 4.0
4.0 / <MethodNumber 1> = 4.0
4.0 /= <MethodNumber 1> => 4.0
4.0 ** <MethodNumber 1> = 4.0
4.0 **= <MethodNumber 1> => 4.0
4.0 % <MethodNumber 1> = 0.0
4.0 %= <MethodNumber 1> => 0.0
4.0 + <CoerceNumber 2> = 6.0
4.0 += <CoerceNumber 2> => 6.0
4.0 - <CoerceNumber 2> = 2.0
4.0 -= <CoerceNumber 2> => 2.0
4.0 * <CoerceNumber 2> = 8.0
4.0 *= <CoerceNumber 2> => 8.0
4.0 / <CoerceNumber 2> = 2.0
4.0 /= <CoerceNumber 2> => 2.0
4.0 ** <CoerceNumber 2> = 16.0
4.0 **= <CoerceNumber 2> => 16.0
4.0 % <CoerceNumber 2> = 0.0
4.0 %= <CoerceNumber 2> => 0.0
2 + 2 = 4
2 += 2 => 4
2 - 2 = 0
2 -= 2 => 0
2 * 2 = 4
2 *= 2 => 4
2 / 2 = 1
2 /= 2 => 1
2 ** 2 = 4
2 **= 2 => 4
2 % 2 = 0
2 %= 2 => 0
2 + 4.0 = 6.0
2 += 4.0 => 6.0
2 - 4.0 = -2.0
2 -= 4.0 => -2.0
2 * 4.0 = 8.0
2 *= 4.0 => 8.0
2 / 4.0 = 0.5
2 /= 4.0 => 0.5
2 ** 4.0 = 16.0
2 **= 4.0 => 16.0
2 % 4.0 = 2.0
2 %= 4.0 => 2.0
2 + 2 = 4
2 += 2 => 4
2 - 2 = 0
2 -= 2 => 0
2 * 2 = 4
2 *= 2 => 4
2 / 2 = 1
2 /= 2 => 1
2 ** 2 = 4
2 **= 2 => 4
2 % 2 = 0
2 %= 2 => 0
2 + (2+0j) = (4+0j)
2 += (2+0j) => (4+0j)
2 - (2+0j) = 0j
2 -= (2+0j) => 0j
2 * (2+0j) = (4+0j)
2 *= (2+0j) => (4+0j)
2 / (2+0j) = (1+0j)
2 /= (2+0j) => (1+0j)
2 ** (2+0j) = (4+0j)
2 **= (2+0j) => (4+0j)
2 % (2+0j) = 0j
2 %= (2+0j) => 0j
2 + [1] ... <pypy type 'TypeError'>
2 += [1] ... <pypy type 'TypeError'>
2 - [1] ... <pypy type 'TypeError'>
2 -= [1] ... <pypy type 'TypeError'>
2 * [1] = [1, 1]
2 *= [1] => [1, 1]
2 / [1] ... <pypy type 'TypeError'>
2 /= [1] ... <pypy type 'TypeError'>
2 ** [1] ... <pypy type 'TypeError'>
2 **= [1] ... <pypy type 'TypeError'>
2 % [1] ... <pypy type 'TypeError'>
2 %= [1] ... <pypy type 'TypeError'>
2 + (2,) ... <pypy type 'TypeError'>
2 += (2,) ... <pypy type 'TypeError'>
2 - (2,) ... <pypy type 'TypeError'>
2 -= (2,) ... <pypy type 'TypeError'>
2 * (2,) = (2, 2)
2 *= (2,) => (2, 2)
2 / (2,) ... <pypy type 'TypeError'>
2 /= (2,) ... <pypy type 'TypeError'>
2 ** (2,) ... <pypy type 'TypeError'>
2 **= (2,) ... <pypy type 'TypeError'>
2 % (2,) ... <pypy type 'TypeError'>
2 %= (2,) ... <pypy type 'TypeError'>
2 + None ... <pypy type 'TypeError'>
2 += None ... <pypy type 'TypeError'>
2 - None ... <pypy type 'TypeError'>
2 -= None ... <pypy type 'TypeError'>
2 * None ... <pypy type 'TypeError'>
2 *= None ... <pypy type 'TypeError'>
2 / None ... <pypy type 'TypeError'>
2 /= None ... <pypy type 'TypeError'>
2 ** None ... <pypy type 'TypeError'>
2 **= None ... <pypy type 'TypeError'>
2 % None ... <pypy type 'TypeError'>
2 %= None ... <pypy type 'TypeError'>
2 + <MethodNumber 1> = 3
2 += <MethodNumber 1> => 3
2 - <MethodNumber 1> = 1
2 -= <MethodNumber 1> => 1
2 * <MethodNumber 1> = 2
2 *= <MethodNumber 1> => 2
2 / <MethodNumber 1> = 2
2 /= <MethodNumber 1> => 2
2 ** <MethodNumber 1> = 2
2 **= <MethodNumber 1> => 2
2 % <MethodNumber 1> = 0
2 %= <MethodNumber 1> => 0
2 + <CoerceNumber 2> = 4
2 += <CoerceNumber 2> => 4
2 - <CoerceNumber 2> = 0
2 -= <CoerceNumber 2> => 0
2 * <CoerceNumber 2> = 4
2 *= <CoerceNumber 2> => 4
2 / <CoerceNumber 2> = 1
2 /= <CoerceNumber 2> => 1
2 ** <CoerceNumber 2> = 4
2 **= <CoerceNumber 2> => 4
2 % <CoerceNumber 2> = 0
2 %= <CoerceNumber 2> => 0
(2+0j) + 2 = (4+0j)
(2+0j) += 2 => (4+0j)
(2+0j) - 2 = 0j
(2+0j) -= 2 => 0j
(2+0j) * 2 = (4+0j)
(2+0j) *= 2 => (4+0j)
(2+0j) / 2 = (1+0j)
(2+0j) /= 2 => (1+0j)
(2+0j) ** 2 = (4+0j)
(2+0j) **= 2 => (4+0j)
(2+0j) % 2 = 0j
(2+0j) %= 2 => 0j
(2+0j) + 4.0 = (6+0j)
(2+0j) += 4.0 => (6+0j)
(2+0j) - 4.0 = (-2+0j)
(2+0j) -= 4.0 => (-2+0j)
(2+0j) * 4.0 = (8+0j)
(2+0j) *= 4.0 => (8+0j)
(2+0j) / 4.0 = (0.5+0j)
(2+0j) /= 4.0 => (0.5+0j)
(2+0j) ** 4.0 = (16+0j)
(2+0j) **= 4.0 => (16+0j)
(2+0j) % 4.0 = (2+0j)
(2+0j) %= 4.0 => (2+0j)
(2+0j) + 2 = (4+0j)
(2+0j) += 2 => (4+0j)
(2+0j) - 2 = 0j
(2+0j) -= 2 => 0j
(2+0j) * 2 = (4+0j)
(2+0j) *= 2 => (4+0j)
(2+0j) / 2 = (1+0j)
(2+0j) /= 2 => (1+0j)
(2+0j) ** 2 = (4+0j)
(2+0j) **= 2 => (4+0j)
(2+0j) % 2 = 0j
(2+0j) %= 2 => 0j
(2+0j) + (2+0j) = (4+0j)
(2+0j) += (2+0j) => (4+0j)
(2+0j) - (2+0j) = 0j
(2+0j) -= (2+0j) => 0j
(2+0j) * (2+0j) = (4+0j)
(2+0j) *= (2+0j) => (4+0j)
(2+0j) / (2+0j) = (1+0j)
(2+0j) /= (2+0j) => (1+0j)
(2+0j) ** (2+0j) = (4+0j)
(2+0j) **= (2+0j) => (4+0j)
(2+0j) % (2+0j) = 0j
(2+0j) %= (2+0j) => 0j
(2+0j) + [1] ... <pypy type 'TypeError'>
(2+0j) += [1] ... <pypy type 'TypeError'>
(2+0j) - [1] ... <pypy type 'TypeError'>
(2+0j) -= [1] ... <pypy type 'TypeError'>
(2+0j) * [1] ... <pypy type 'TypeError'>
(2+0j) *= [1] ... <pypy type 'TypeError'>
(2+0j) / [1] ... <pypy type 'TypeError'>
(2+0j) /= [1] ... <pypy type 'TypeError'>
(2+0j) ** [1] ... <pypy type 'TypeError'>
(2+0j) **= [1] ... <pypy type 'TypeError'>
(2+0j) % [1] ... <pypy type 'TypeError'>
(2+0j) %= [1] ... <pypy type 'TypeError'>
(2+0j) + (2,) ... <pypy type 'TypeError'>
(2+0j) += (2,) ... <pypy type 'TypeError'>
(2+0j) - (2,) ... <pypy type 'TypeError'>
(2+0j) -= (2,) ... <pypy type 'TypeError'>
(2+0j) * (2,) ... <pypy type 'TypeError'>
(2+0j) *= (2,) ... <pypy type 'TypeError'>
(2+0j) / (2,) ... <pypy type 'TypeError'>
(2+0j) /= (2,) ... <pypy type 'TypeError'>
(2+0j) ** (2,) ... <pypy type 'TypeError'>
(2+0j) **= (2,) ... <pypy type 'TypeError'>
(2+0j) % (2,) ... <pypy type 'TypeError'>
(2+0j) %= (2,) ... <pypy type 'TypeError'>
(2+0j) + None ... <pypy type 'TypeError'>
(2+0j) += None ... <pypy type 'TypeError'>
(2+0j) - None ... <pypy type 'TypeError'>
(2+0j) -= None ... <pypy type 'TypeError'>
(2+0j) * None ... <pypy type 'TypeError'>
(2+0j) *= None ... <pypy type 'TypeError'>
(2+0j) / None ... <pypy type 'TypeError'>
(2+0j) /= None ... <pypy type 'TypeError'>
(2+0j) ** None ... <pypy type 'TypeError'>
(2+0j) **= None ... <pypy type 'TypeError'>
(2+0j) % None ... <pypy type 'TypeError'>
(2+0j) %= None ... <pypy type 'TypeError'>
(2+0j) + <MethodNumber 1> = (3+0j)
(2+0j) += <MethodNumber 1> => (3+0j)
(2+0j) - <MethodNumber 1> = (1+0j)
(2+0j) -= <MethodNumber 1> => (1+0j)
(2+0j) * <MethodNumber 1> = (2+0j)
(2+0j) *= <MethodNumber 1> => (2+0j)
(2+0j) / <MethodNumber 1> = (2+0j)
(2+0j) /= <MethodNumber 1> => (2+0j)
(2+0j) ** <MethodNumber 1> = (2+0j)
(2+0j) **= <MethodNumber 1> => (2+0j)
(2+0j) % <MethodNumber 1> = 0j
(2+0j) %= <MethodNumber 1> => 0j
(2+0j) + <CoerceNumber 2> = (4+0j)
(2+0j) += <CoerceNumber 2> => (4+0j)
(2+0j) - <CoerceNumber 2> = 0j
(2+0j) -= <CoerceNumber 2> => 0j
(2+0j) * <CoerceNumber 2> = (4+0j)
(2+0j) *= <CoerceNumber 2> => (4+0j)
(2+0j) / <CoerceNumber 2> = (1+0j)
(2+0j) /= <CoerceNumber 2> => (1+0j)
(2+0j) ** <CoerceNumber 2> = (4+0j)
(2+0j) **= <CoerceNumber 2> => (4+0j)
(2+0j) % <CoerceNumber 2> = 0j
(2+0j) %= <CoerceNumber 2> => 0j
[1] + 2 ... <pypy type 'TypeError'>
[1] += 2 ... <pypy type 'TypeError'>
[1] - 2 ... <pypy type 'TypeError'>
[1] -= 2 ... <pypy type 'TypeError'>
[1] * 2 = [1, 1]
[1] *= 2 => [1, 1]
[1] / 2 ... <pypy type 'TypeError'>
[1] /= 2 ... <pypy type 'TypeError'>
[1] ** 2 ... <pypy type 'TypeError'>
[1] **= 2 ... <pypy type 'TypeError'>
[1] % 2 ... <pypy type 'TypeError'>
[1] %= 2 ... <pypy type 'TypeError'>
[1] + 4.0 ... <pypy type 'TypeError'>
[1] += 4.0 ... <pypy type 'TypeError'>
[1] - 4.0 ... <pypy type 'TypeError'>
[1] -= 4.0 ... <pypy type 'TypeError'>
[1] * 4.0 ... <pypy type 'TypeError'>
[1] *= 4.0 ... <pypy type 'TypeError'>
[1] / 4.0 ... <pypy type 'TypeError'>
[1] /= 4.0 ... <pypy type 'TypeError'>
[1] ** 4.0 ... <pypy type 'TypeError'>
[1] **= 4.0 ... <pypy type 'TypeError'>
[1] % 4.0 ... <pypy type 'TypeError'>
[1] %= 4.0 ... <pypy type 'TypeError'>
[1] + 2 ... <pypy type 'TypeError'>
[1] += 2 ... <pypy type 'TypeError'>
[1] - 2 ... <pypy type 'TypeError'>
[1] -= 2 ... <pypy type 'TypeError'>
[1] * 2 = [1, 1]
[1] *= 2 => [1, 1]
[1] / 2 ... <pypy type 'TypeError'>
[1] /= 2 ... <pypy type 'TypeError'>
[1] ** 2 ... <pypy type 'TypeError'>
[1] **= 2 ... <pypy type 'TypeError'>
[1] % 2 ... <pypy type 'TypeError'>
[1] %= 2 ... <pypy type 'TypeError'>
[1] + (2+0j) ... <pypy type 'TypeError'>
[1] += (2+0j) ... <pypy type 'TypeError'>
[1] - (2+0j) ... <pypy type 'TypeError'>
[1] -= (2+0j) ... <pypy type 'TypeError'>
[1] * (2+0j) ... <pypy type 'TypeError'>
[1] *= (2+0j) ... <pypy type 'TypeError'>
[1] / (2+0j) ... <pypy type 'TypeError'>
[1] /= (2+0j) ... <pypy type 'TypeError'>
[1] ** (2+0j) ... <pypy type 'TypeError'>
[1] **= (2+0j) ... <pypy type 'TypeError'>
[1] % (2+0j) ... <pypy type 'TypeError'>
[1] %= (2+0j) ... <pypy type 'TypeError'>
[1] + [1] = [1, 1]
[1] += [1] => [1, 1]
[1] - [1] ... <pypy type 'TypeError'>
[1] -= [1] ... <pypy type 'TypeError'>
[1] * [1] ... <pypy type 'TypeError'>
[1] *= [1] ... <pypy type 'TypeError'>
[1] / [1] ... <pypy type 'TypeError'>
[1] /= [1] ... <pypy type 'TypeError'>
[1] ** [1] ... <pypy type 'TypeError'>
[1] **= [1] ... <pypy type 'TypeError'>
[1] % [1] ... <pypy type 'TypeError'>
[1] %= [1] ... <pypy type 'TypeError'>
[1] + (2,) ... <pypy type 'TypeError'>
[1] += (2,) => [1, 2]
[1] - (2,) ... <pypy type 'TypeError'>
[1] -= (2,) ... <pypy type 'TypeError'>
[1] * (2,) ... <pypy type 'TypeError'>
[1] *= (2,) ... <pypy type 'TypeError'>
[1] / (2,) ... <pypy type 'TypeError'>
[1] /= (2,) ... <pypy type 'TypeError'>
[1] ** (2,) ... <pypy type 'TypeError'>
[1] **= (2,) ... <pypy type 'TypeError'>
[1] % (2,) ... <pypy type 'TypeError'>
[1] %= (2,) ... <pypy type 'TypeError'>
[1] + None ... <pypy type 'TypeError'>
[1] += None ... <pypy type 'TypeError'>
[1] - None ... <pypy type 'TypeError'>
[1] -= None ... <pypy type 'TypeError'>
[1] * None ... <pypy type 'TypeError'>
[1] *= None ... <pypy type 'TypeError'>
[1] / None ... <pypy type 'TypeError'>
[1] /= None ... <pypy type 'TypeError'>
[1] ** None ... <pypy type 'TypeError'>
[1] **= None ... <pypy type 'TypeError'>
[1] % None ... <pypy type 'TypeError'>
[1] %= None ... <pypy type 'TypeError'>
[1] + <MethodNumber 1> ... <pypy type 'TypeError'>
[1] += <MethodNumber 1> ... <pypy type 'TypeError'>
[1] - <MethodNumber 1> ... <pypy type 'TypeError'>
[1] -= <MethodNumber 1> ... <pypy type 'TypeError'>
[1] * <MethodNumber 1> ... <pypy type 'TypeError'>
[1] *= <MethodNumber 1> ... <pypy type 'TypeError'>
[1] / <MethodNumber 1> ... <pypy type 'TypeError'>
[1] /= <MethodNumber 1> ... <pypy type 'TypeError'>
[1] ** <MethodNumber 1> ... <pypy type 'TypeError'>
[1] **= <MethodNumber 1> ... <pypy type 'TypeError'>
[1] % <MethodNumber 1> ... <pypy type 'TypeError'>
[1] %= <MethodNumber 1> ... <pypy type 'TypeError'>
[1] + <CoerceNumber 2> ... <pypy type 'TypeError'>
[1] += <CoerceNumber 2> ... <pypy type 'TypeError'>
[1] - <CoerceNumber 2> ... <pypy type 'TypeError'>
[1] -= <CoerceNumber 2> ... <pypy type 'TypeError'>
[1] * <CoerceNumber 2> ... <pypy type 'TypeError'>
[1] *= <CoerceNumber 2> ... <pypy type 'TypeError'>
[1] / <CoerceNumber 2> ... <pypy type 'TypeError'>
[1] /= <CoerceNumber 2> ... <pypy type 'TypeError'>
[1] ** <CoerceNumber 2> ... <pypy type 'TypeError'>
[1] **= <CoerceNumber 2> ... <pypy type 'TypeError'>
[1] % <CoerceNumber 2> ... <pypy type 'TypeError'>
[1] %= <CoerceNumber 2> ... <pypy type 'TypeError'>
(2,) + 2 ... <pypy type 'TypeError'>
(2,) += 2 ... <pypy type 'TypeError'>
(2,) - 2 ... <pypy type 'TypeError'>
(2,) -= 2 ... <pypy type 'TypeError'>
(2,) * 2 = (2, 2)
(2,) *= 2 => (2, 2)
(2,) / 2 ... <pypy type 'TypeError'>
(2,) /= 2 ... <pypy type 'TypeError'>
(2,) ** 2 ... <pypy type 'TypeError'>
(2,) **= 2 ... <pypy type 'TypeError'>
(2,) % 2 ... <pypy type 'TypeError'>
(2,) %= 2 ... <pypy type 'TypeError'>
(2,) + 4.0 ... <pypy type 'TypeError'>
(2,) += 4.0 ... <pypy type 'TypeError'>
(2,) - 4.0 ... <pypy type 'TypeError'>
(2,) -= 4.0 ... <pypy type 'TypeError'>
(2,) * 4.0 ... <pypy type 'TypeError'>
(2,) *= 4.0 ... <pypy type 'TypeError'>
(2,) / 4.0 ... <pypy type 'TypeError'>
(2,) /= 4.0 ... <pypy type 'TypeError'>
(2,) ** 4.0 ... <pypy type 'TypeError'>
(2,) **= 4.0 ... <pypy type 'TypeError'>
(2,) % 4.0 ... <pypy type 'TypeError'>
(2,) %= 4.0 ... <pypy type 'TypeError'>
(2,) + 2 ... <pypy type 'TypeError'>
(2,) += 2 ... <pypy type 'TypeError'>
(2,) - 2 ... <pypy type 'TypeError'>
(2,) -= 2 ... <pypy type 'TypeError'>
(2,) * 2 = (2, 2)
(2,) *= 2 => (2, 2)
(2,) / 2 ... <pypy type 'TypeError'>
(2,) /= 2 ... <pypy type 'TypeError'>
(2,) ** 2 ... <pypy type 'TypeError'>
(2,) **= 2 ... <pypy type 'TypeError'>
(2,) % 2 ... <pypy type 'TypeError'>
(2,) %= 2 ... <pypy type 'TypeError'>
(2,) + (2+0j) ... <pypy type 'TypeError'>
(2,) += (2+0j) ... <pypy type 'TypeError'>
(2,) - (2+0j) ... <pypy type 'TypeError'>
(2,) -= (2+0j) ... <pypy type 'TypeError'>
(2,) * (2+0j) ... <pypy type 'TypeError'>
(2,) *= (2+0j) ... <pypy type 'TypeError'>
(2,) / (2+0j) ... <pypy type 'TypeError'>
(2,) /= (2+0j) ... <pypy type 'TypeError'>
(2,) ** (2+0j) ... <pypy type 'TypeError'>
(2,) **= (2+0j) ... <pypy type 'TypeError'>
(2,) % (2+0j) ... <pypy type 'TypeError'>
(2,) %= (2+0j) ... <pypy type 'TypeError'>
(2,) + [1] ... <pypy type 'TypeError'>
(2,) += [1] ... <pypy type 'TypeError'>
(2,) - [1] ... <pypy type 'TypeError'>
(2,) -= [1] ... <pypy type 'TypeError'>
(2,) * [1] ... <pypy type 'TypeError'>
(2,) *= [1] ... <pypy type 'TypeError'>
(2,) / [1] ... <pypy type 'TypeError'>
(2,) /= [1] ... <pypy type 'TypeError'>
(2,) ** [1] ... <pypy type 'TypeError'>
(2,) **= [1] ... <pypy type 'TypeError'>
(2,) % [1] ... <pypy type 'TypeError'>
(2,) %= [1] ... <pypy type 'TypeError'>
(2,) + (2,) = (2, 2)
(2,) += (2,) => (2, 2)
(2,) - (2,) ... <pypy type 'TypeError'>
(2,) -= (2,) ... <pypy type 'TypeError'>
(2,) * (2,) ... <pypy type 'TypeError'>
(2,) *= (2,) ... <pypy type 'TypeError'>
(2,) / (2,) ... <pypy type 'TypeError'>
(2,) /= (2,) ... <pypy type 'TypeError'>
(2,) ** (2,) ... <pypy type 'TypeError'>
(2,) **= (2,) ... <pypy type 'TypeError'>
(2,) % (2,) ... <pypy type 'TypeError'>
(2,) %= (2,) ... <pypy type 'TypeError'>
(2,) + None ... <pypy type 'TypeError'>
(2,) += None ... <pypy type 'TypeError'>
(2,) - None ... <pypy type 'TypeError'>
(2,) -= None ... <pypy type 'TypeError'>
(2,) * None ... <pypy type 'TypeError'>
(2,) *= None ... <pypy type 'TypeError'>
(2,) / None ... <pypy type 'TypeError'>
(2,) /= None ... <pypy type 'TypeError'>
(2,) ** None ... <pypy type 'TypeError'>
(2,) **= None ... <pypy type 'TypeError'>
(2,) % None ... <pypy type 'TypeError'>
(2,) %= None ... <pypy type 'TypeError'>
(2,) + <MethodNumber 1> ... <pypy type 'TypeError'>
(2,) += <MethodNumber 1> ... <pypy type 'TypeError'>
(2,) - <MethodNumber 1> ... <pypy type 'TypeError'>
(2,) -= <MethodNumber 1> ... <pypy type 'TypeError'>
(2,) * <MethodNumber 1> ... <pypy type 'TypeError'>
(2,) *= <MethodNumber 1> ... <pypy type 'TypeError'>
(2,) / <MethodNumber 1> ... <pypy type 'TypeError'>
(2,) /= <MethodNumber 1> ... <pypy type 'TypeError'>
(2,) ** <MethodNumber 1> ... <pypy type 'TypeError'>
(2,) **= <MethodNumber 1> ... <pypy type 'TypeError'>
(2,) % <MethodNumber 1> ... <pypy type 'TypeError'>
(2,) %= <MethodNumber 1> ... <pypy type 'TypeError'>
(2,) + <CoerceNumber 2> ... <pypy type 'TypeError'>
(2,) += <CoerceNumber 2> ... <pypy type 'TypeError'>
(2,) - <CoerceNumber 2> ... <pypy type 'TypeError'>
(2,) -= <CoerceNumber 2> ... <pypy type 'TypeError'>
(2,) * <CoerceNumber 2> ... <pypy type 'TypeError'>
(2,) *= <CoerceNumber 2> ... <pypy type 'TypeError'>
(2,) / <CoerceNumber 2> ... <pypy type 'TypeError'>
(2,) /= <CoerceNumber 2> ... <pypy type 'TypeError'>
(2,) ** <CoerceNumber 2> ... <pypy type 'TypeError'>
(2,) **= <CoerceNumber 2> ... <pypy type 'TypeError'>
(2,) % <CoerceNumber 2> ... <pypy type 'TypeError'>
(2,) %= <CoerceNumber 2> ... <pypy type 'TypeError'>
None + 2 ... <pypy type 'TypeError'>
None += 2 ... <pypy type 'TypeError'>
None - 2 ... <pypy type 'TypeError'>
None -= 2 ... <pypy type 'TypeError'>
None * 2 ... <pypy type 'TypeError'>
None *= 2 ... <pypy type 'TypeError'>
None / 2 ... <pypy type 'TypeError'>
None /= 2 ... <pypy type 'TypeError'>
None ** 2 ... <pypy type 'TypeError'>
None **= 2 ... <pypy type 'TypeError'>
None % 2 ... <pypy type 'TypeError'>
None %= 2 ... <pypy type 'TypeError'>
None + 4.0 ... <pypy type 'TypeError'>
None += 4.0 ... <pypy type 'TypeError'>
None - 4.0 ... <pypy type 'TypeError'>
None -= 4.0 ... <pypy type 'TypeError'>
None * 4.0 ... <pypy type 'TypeError'>
None *= 4.0 ... <pypy type 'TypeError'>
None / 4.0 ... <pypy type 'TypeError'>
None /= 4.0 ... <pypy type 'TypeError'>
None ** 4.0 ... <pypy type 'TypeError'>
None **= 4.0 ... <pypy type 'TypeError'>
None % 4.0 ... <pypy type 'TypeError'>
None %= 4.0 ... <pypy type 'TypeError'>
None + 2 ... <pypy type 'TypeError'>
None += 2 ... <pypy type 'TypeError'>
None - 2 ... <pypy type 'TypeError'>
None -= 2 ... <pypy type 'TypeError'>
None * 2 ... <pypy type 'TypeError'>
None *= 2 ... <pypy type 'TypeError'>
None / 2 ... <pypy type 'TypeError'>
None /= 2 ... <pypy type 'TypeError'>
None ** 2 ... <pypy type 'TypeError'>
None **= 2 ... <pypy type 'TypeError'>
None % 2 ... <pypy type 'TypeError'>
None %= 2 ... <pypy type 'TypeError'>
None + (2+0j) ... <pypy type 'TypeError'>
None += (2+0j) ... <pypy type 'TypeError'>
None - (2+0j) ... <pypy type 'TypeError'>
None -= (2+0j) ... <pypy type 'TypeError'>
None * (2+0j) ... <pypy type 'TypeError'>
None *= (2+0j) ... <pypy type 'TypeError'>
None / (2+0j) ... <pypy type 'TypeError'>
None /= (2+0j) ... <pypy type 'TypeError'>
None ** (2+0j) ... <pypy type 'TypeError'>
None **= (2+0j) ... <pypy type 'TypeError'>
None % (2+0j) ... <pypy type 'TypeError'>
None %= (2+0j) ... <pypy type 'TypeError'>
None + [1] ... <pypy type 'TypeError'>
None += [1] ... <pypy type 'TypeError'>
None - [1] ... <pypy type 'TypeError'>
None -= [1] ... <pypy type 'TypeError'>
None * [1] ... <pypy type 'TypeError'>
None *= [1] ... <pypy type 'TypeError'>
None / [1] ... <pypy type 'TypeError'>
None /= [1] ... <pypy type 'TypeError'>
None ** [1] ... <pypy type 'TypeError'>
None **= [1] ... <pypy type 'TypeError'>
None % [1] ... <pypy type 'TypeError'>
None %= [1] ... <pypy type 'TypeError'>
None + (2,) ... <pypy type 'TypeError'>
None += (2,) ... <pypy type 'TypeError'>
None - (2,) ... <pypy type 'TypeError'>
None -= (2,) ... <pypy type 'TypeError'>
None * (2,) ... <pypy type 'TypeError'>
None *= (2,) ... <pypy type 'TypeError'>
None / (2,) ... <pypy type 'TypeError'>
None /= (2,) ... <pypy type 'TypeError'>
None ** (2,) ... <pypy type 'TypeError'>
None **= (2,) ... <pypy type 'TypeError'>
None % (2,) ... <pypy type 'TypeError'>
None %= (2,) ... <pypy type 'TypeError'>
None + None ... <pypy type 'TypeError'>
None += None ... <pypy type 'TypeError'>
None - None ... <pypy type 'TypeError'>
None -= None ... <pypy type 'TypeError'>
None * None ... <pypy type 'TypeError'>
None *= None ... <pypy type 'TypeError'>
None / None ... <pypy type 'TypeError'>
None /= None ... <pypy type 'TypeError'>
None ** None ... <pypy type 'TypeError'>
None **= None ... <pypy type 'TypeError'>
None % None ... <pypy type 'TypeError'>
None %= None ... <pypy type 'TypeError'>
None + <MethodNumber 1> ... <pypy type 'TypeError'>
None += <MethodNumber 1> ... <pypy type 'TypeError'>
None - <MethodNumber 1> ... <pypy type 'TypeError'>
None -= <MethodNumber 1> ... <pypy type 'TypeError'>
None * <MethodNumber 1> ... <pypy type 'TypeError'>
None *= <MethodNumber 1> ... <pypy type 'TypeError'>
None / <MethodNumber 1> ... <pypy type 'TypeError'>
None /= <MethodNumber 1> ... <pypy type 'TypeError'>
None ** <MethodNumber 1> ... <pypy type 'TypeError'>
None **= <MethodNumber 1> ... <pypy type 'TypeError'>
None % <MethodNumber 1> ... <pypy type 'TypeError'>
None %= <MethodNumber 1> ... <pypy type 'TypeError'>
None + <CoerceNumber 2> ... <pypy type 'TypeError'>
None += <CoerceNumber 2> ... <pypy type 'TypeError'>
None - <CoerceNumber 2> ... <pypy type 'TypeError'>
None -= <CoerceNumber 2> ... <pypy type 'TypeError'>
None * <CoerceNumber 2> ... <pypy type 'TypeError'>
None *= <CoerceNumber 2> ... <pypy type 'TypeError'>
None / <CoerceNumber 2> ... <pypy type 'TypeError'>
None /= <CoerceNumber 2> ... <pypy type 'TypeError'>
None ** <CoerceNumber 2> ... <pypy type 'TypeError'>
None **= <CoerceNumber 2> ... <pypy type 'TypeError'>
None % <CoerceNumber 2> ... <pypy type 'TypeError'>
None %= <CoerceNumber 2> ... <pypy type 'TypeError'>
<MethodNumber 1> + 2 = 3
<MethodNumber 1> += 2 => 3
<MethodNumber 1> - 2 = -1
<MethodNumber 1> -= 2 => -1
<MethodNumber 1> * 2 = 2
<MethodNumber 1> *= 2 => 2
<MethodNumber 1> / 2 = 0
<MethodNumber 1> /= 2 => 0
<MethodNumber 1> ** 2 = 1
<MethodNumber 1> **= 2 => 1
<MethodNumber 1> % 2 = 1
<MethodNumber 1> %= 2 => 1
<MethodNumber 1> + 4.0 = 5.0
<MethodNumber 1> += 4.0 => 5.0
<MethodNumber 1> - 4.0 = -3.0
<MethodNumber 1> -= 4.0 => -3.0
<MethodNumber 1> * 4.0 = 4.0
<MethodNumber 1> *= 4.0 => 4.0
<MethodNumber 1> / 4.0 = 0.25
<MethodNumber 1> /= 4.0 => 0.25
<MethodNumber 1> ** 4.0 = 1.0
<MethodNumber 1> **= 4.0 => 1.0
<MethodNumber 1> % 4.0 = 1.0
<MethodNumber 1> %= 4.0 => 1.0
<MethodNumber 1> + 2 = 3
<MethodNumber 1> += 2 => 3
<MethodNumber 1> - 2 = -1
<MethodNumber 1> -= 2 => -1
<MethodNumber 1> * 2 = 2
<MethodNumber 1> *= 2 => 2
<MethodNumber 1> / 2 = 0
<MethodNumber 1> /= 2 => 0
<MethodNumber 1> ** 2 = 1
<MethodNumber 1> **= 2 => 1
<MethodNumber 1> % 2 = 1
<MethodNumber 1> %= 2 => 1
<MethodNumber 1> + (2+0j) = (3+0j)
<MethodNumber 1> += (2+0j) => (3+0j)
<MethodNumber 1> - (2+0j) = (-1+0j)
<MethodNumber 1> -= (2+0j) => (-1+0j)
<MethodNumber 1> * (2+0j) = (2+0j)
<MethodNumber 1> *= (2+0j) => (2+0j)
<MethodNumber 1> / (2+0j) = (0.5+0j)
<MethodNumber 1> /= (2+0j) => (0.5+0j)
<MethodNumber 1> ** (2+0j) = (1+0j)
<MethodNumber 1> **= (2+0j) => (1+0j)
<MethodNumber 1> % (2+0j) = (1+0j)
<MethodNumber 1> %= (2+0j) => (1+0j)
<MethodNumber 1> + [1] ... <pypy type 'TypeError'>
<MethodNumber 1> += [1] ... <pypy type 'TypeError'>
<MethodNumber 1> - [1] ... <pypy type 'TypeError'>
<MethodNumber 1> -= [1] ... <pypy type 'TypeError'>
<MethodNumber 1> * [1] = [1]
<MethodNumber 1> *= [1] => [1]
<MethodNumber 1> / [1] ... <pypy type 'TypeError'>
<MethodNumber 1> /= [1] ... <pypy type 'TypeError'>
<MethodNumber 1> ** [1] ... <pypy type 'TypeError'>
<MethodNumber 1> **= [1] ... <pypy type 'TypeError'>
<MethodNumber 1> % [1] ... <pypy type 'TypeError'>
<MethodNumber 1> %= [1] ... <pypy type 'TypeError'>
<MethodNumber 1> + (2,) ... <pypy type 'TypeError'>
<MethodNumber 1> += (2,) ... <pypy type 'TypeError'>
<MethodNumber 1> - (2,) ... <pypy type 'TypeError'>
<MethodNumber 1> -= (2,) ... <pypy type 'TypeError'>
<MethodNumber 1> * (2,) = (2,)
<MethodNumber 1> *= (2,) => (2,)
<MethodNumber 1> / (2,) ... <pypy type 'TypeError'>
<MethodNumber 1> /= (2,) ... <pypy type 'TypeError'>
<MethodNumber 1> ** (2,) ... <pypy type 'TypeError'>
<MethodNumber 1> **= (2,) ... <pypy type 'TypeError'>
<MethodNumber 1> % (2,) ... <pypy type 'TypeError'>
<MethodNumber 1> %= (2,) ... <pypy type 'TypeError'>
<MethodNumber 1> + None ... <pypy type 'TypeError'>
<MethodNumber 1> += None ... <pypy type 'TypeError'>
<MethodNumber 1> - None ... <pypy type 'TypeError'>
<MethodNumber 1> -= None ... <pypy type 'TypeError'>
<MethodNumber 1> * None ... <pypy type 'TypeError'>
<MethodNumber 1> *= None ... <pypy type 'TypeError'>
<MethodNumber 1> / None ... <pypy type 'TypeError'>
<MethodNumber 1> /= None ... <pypy type 'TypeError'>
<MethodNumber 1> ** None ... <pypy type 'TypeError'>
<MethodNumber 1> **= None ... <pypy type 'TypeError'>
<MethodNumber 1> % None ... <pypy type 'TypeError'>
<MethodNumber 1> %= None ... <pypy type 'TypeError'>
<MethodNumber 1> + <MethodNumber 1> = 2
<MethodNumber 1> += <MethodNumber 1> => 2
<MethodNumber 1> - <MethodNumber 1> = 0
<MethodNumber 1> -= <MethodNumber 1> => 0
<MethodNumber 1> * <MethodNumber 1> = 1
<MethodNumber 1> *= <MethodNumber 1> => 1
<MethodNumber 1> / <MethodNumber 1> = 1
<MethodNumber 1> /= <MethodNumber 1> => 1
<MethodNumber 1> ** <MethodNumber 1> = 1
<MethodNumber 1> **= <MethodNumber 1> => 1
<MethodNumber 1> % <MethodNumber 1> = 0
<MethodNumber 1> %= <MethodNumber 1> => 0
<MethodNumber 1> + <CoerceNumber 2> = 3
<MethodNumber 1> += <CoerceNumber 2> => 3
<MethodNumber 1> - <CoerceNumber 2> = -1
<MethodNumber 1> -= <CoerceNumber 2> => -1
<MethodNumber 1> * <CoerceNumber 2> = 2
<MethodNumber 1> *= <CoerceNumber 2> => 2
<MethodNumber 1> / <CoerceNumber 2> = 0
<MethodNumber 1> /= <CoerceNumber 2> => 0
<MethodNumber 1> ** <CoerceNumber 2> = 1
<MethodNumber 1> **= <CoerceNumber 2> => 1
<MethodNumber 1> % <CoerceNumber 2> = 1
<MethodNumber 1> %= <CoerceNumber 2> => 1
<CoerceNumber 2> + 2 = 4
<CoerceNumber 2> += 2 => 4
<CoerceNumber 2> - 2 = 0
<CoerceNumber 2> -= 2 => 0
<CoerceNumber 2> * 2 = 4
<CoerceNumber 2> *= 2 => 4
<CoerceNumber 2> / 2 = 1
<CoerceNumber 2> /= 2 => 1
<CoerceNumber 2> ** 2 = 4
<CoerceNumber 2> **= 2 => 4
<CoerceNumber 2> % 2 = 0
<CoerceNumber 2> %= 2 => 0
<CoerceNumber 2> + 4.0 = 6.0
<CoerceNumber 2> += 4.0 => 6.0
<CoerceNumber 2> - 4.0 = -2.0
<CoerceNumber 2> -= 4.0 => -2.0
<CoerceNumber 2> * 4.0 = 8.0
<CoerceNumber 2> *= 4.0 => 8.0
<CoerceNumber 2> / 4.0 = 0.5
<CoerceNumber 2> /= 4.0 => 0.5
<CoerceNumber 2> ** 4.0 = 16.0
<CoerceNumber 2> **= 4.0 => 16.0
<CoerceNumber 2> % 4.0 = 2.0
<CoerceNumber 2> %= 4.0 => 2.0
<CoerceNumber 2> + 2 = 4
<CoerceNumber 2> += 2 => 4
<CoerceNumber 2> - 2 = 0
<CoerceNumber 2> -= 2 => 0
<CoerceNumber 2> * 2 = 4
<CoerceNumber 2> *= 2 => 4
<CoerceNumber 2> / 2 = 1
<CoerceNumber 2> /= 2 => 1
<CoerceNumber 2> ** 2 = 4
<CoerceNumber 2> **= 2 => 4
<CoerceNumber 2> % 2 = 0
<CoerceNumber 2> %= 2 => 0
<CoerceNumber 2> + (2+0j) = (4+0j)
