test_grammar
1. Parser
1.1 Tokens
1.1.1 Backslashes
1.1.2 Numeric literals
1.1.2.1 Plain integers
1.1.2.2 Long integers
1.1.2.3 Floating point
1.1.3 String literals
1.2 Grammar
single_input
file_input
expr_input
eval_input
funcdef
lambdef
simple_stmt
expr_stmt
print_stmt
1 2 3
1 2 3
1 1 1
extended print_stmt
1 2 3
1 2 3
1 1 1
hello world
del_stmt
pass_stmt
flow_stmt
break_stmt
continue_stmt
continue + try/except ok
continue + try/finally ok
testing continue and break in try/except in loop
return_stmt
raise_stmt
import_stmt
global_stmt
exec_stmt
