test_exceptions
5. Built-in exceptions
spam
<pypy type 'AttributeError'>
spam
<pypy type 'EOFError'>
errno=None args=('spam',) strerror=None filename=None
<pypy type 'IOError'>
spam
<pypy type 'ImportError'>
spam
<pypy type 'IndexError'>
'spam'
<pypy type 'KeyError'>
spam
<pypy type 'KeyboardInterrupt'>
(not testable in a script)
spam
<pypy type 'MemoryError'>
(not safe to test)
spam
<pypy type 'NameError'>
spam
<pypy type 'OverflowError'>
